[15:44:21] [ServerMain/INFO]: [bootstrap] Running Java 21 (OpenJDK 64-Bit Server VM 21.0.10+7-Ubuntu-124.04; Ubuntu null) on Linux 6.8.0-1030-azure (amd64)
[15:44:21] [ServerMain/INFO]: [bootstrap] Loading Paper 1.21.11-99-main@81b9122 (2026-01-20T19:08:30Z) for Minecraft 1.21.11
[15:44:21] [ServerMain/INFO]: [PluginInitializerManager] Initializing plugins...
[15:44:22] [ServerMain/INFO]: [PluginInitializerManager] Initialized 0 plugins
[15:44:23] [Paper Plugin Remapper Thread - 0/INFO]: [ReobfServer] Remapping server...
[15:44:28] [ServerMain/INFO]: Environment: Environment[sessionHost=https://sessionserver.mojang.com, servicesHost=https://api.minecraftservices.com, profilesHost=https://api.mojang.com, name=PROD]
[15:44:28] [ServerMain/INFO]: Found new data pack file/bukkit, loading it automatically
[15:44:28] [ServerMain/INFO]: Found new data pack paper, loading it automatically
[15:44:29] [ServerMain/INFO]: No existing world data, creating new world
[15:44:31] [ServerMain/INFO]: Loaded 1470 recipes
[15:44:31] [ServerMain/INFO]: Loaded 1584 advancements
[15:44:31] [ServerMain/INFO]: [ca.spottedleaf.dataconverter.minecraft.datatypes.MCTypeRegistry] Initialising converters for DataConverter...
[15:44:31] [ServerMain/INFO]: [ca.spottedleaf.dataconverter.minecraft.datatypes.MCTypeRegistry] Finished initialising converters for DataConverter in 550.0ms
[15:44:32] [Server thread/INFO]: Starting minecraft server version 1.21.11
[15:44:32] [Server thread/INFO]: Loading properties
[15:44:32] [Server thread/INFO]: This server is running Paper version 1.21.11-99-main@81b9122 (2026-01-20T19:08:30Z) (Implementing API version 1.21.11-R0.1-SNAPSHOT)
[15:44:32] [Paper Plugin Remapper Thread - 0/INFO]: [ReobfServer] Done remapping server in 8726ms.
[15:44:32] [Server thread/INFO]: [spark] This server bundles the spark profiler. For more information please visit https://docs.papermc.io/paper/profiling
[15:44:32] [Server thread/INFO]: Server Ping Player Sample Count: 12
[15:44:32] [Server thread/INFO]: Using 4 threads for Netty based IO
[15:44:33] [Server thread/INFO]: [MoonriseCommon] Paper is using 1 worker threads, 1 I/O threads
[15:44:33] [Server thread/INFO]: Default game type: SURVIVAL
[15:44:33] [Server thread/INFO]: Generating keypair
[15:44:33] [Server thread/INFO]: Starting Minecraft server on *:25565
[15:44:33] [Server thread/INFO]: Paper: Using libdeflate (Linux x86_64) compression from Velocity.
[15:44:33] [Server thread/INFO]: Paper: Using OpenSSL 3.x.x (Linux x86_64) cipher from Velocity.
[15:44:33] [Server thread/WARN]: **** SERVER IS RUNNING IN OFFLINE/INSECURE MODE!
[15:44:33] [Server thread/WARN]: The server will make no attempt to authenticate usernames. Beware.
[15:44:33] [Server thread/WARN]: While this makes the game possible to play without internet access, it also opens up the ability for hackers to connect with any username they choose.
[15:44:33] [Server thread/WARN]: To change this, set "online-mode" to "true" in the server.properties file.
[15:44:33] [Server thread/INFO]: Preparing level "world"
[15:44:33] [Server thread/INFO]: [ca.spottedleaf.moonrise.common.util.MoonriseConstants] NUMA enable flag is not set; however there is NUMA interaction support for this OS.
[15:44:33] [Server thread/INFO]: [ca.spottedleaf.moonrise.common.util.MoonriseConstants] Detected 1 NUMA nodes.
[15:44:34] [Server thread/INFO]: Selecting spawn point for world 'minecraft:overworld'...
[15:44:43] [Server thread/INFO]: Selecting spawn point for world 'minecraft:the_nether'...
[15:44:44] [Server thread/INFO]: Selecting spawn point for world 'minecraft:the_end'...
[15:44:44] [Server thread/INFO]: Loading 0 persistent chunks for world 'minecraft:overworld'...
[15:44:44] [Server thread/INFO]: Preparing spawn area: 100%
[15:44:44] [Server thread/INFO]: Prepared spawn area in 10339 ms
[15:44:44] [Server thread/INFO]: Loading 0 persistent chunks for world 'minecraft:the_nether'...
[15:44:44] [Server thread/INFO]: Preparing spawn area: 100%
[15:44:44] [Server thread/INFO]: Prepared spawn area in 1415 ms
[15:44:44] [Server thread/INFO]: Loading 0 persistent chunks for world 'minecraft:the_end'...
[15:44:44] [Server thread/INFO]: Preparing spawn area: 100%
[15:44:44] [Server thread/INFO]: Prepared spawn area in 336 ms
[15:44:44] [Server thread/INFO]: Done preparing level "world" (10.803s)
[15:44:44] [Server thread/INFO]: [spark] Starting background profiler...
[15:44:45] [Server thread/INFO]: Running delayed init tasks
[15:44:45] [Server thread/INFO]: Done (24.123s)! For help, type "help"
[15:44:45] [Server thread/INFO]: *************************************************************************************
[15:44:45] [Server thread/INFO]: This is the first time you're starting this server.
[15:44:45] [Server thread/INFO]: It's recommended you read our 'Getting Started' documentation for guidance.
[15:44:45] [Server thread/INFO]: View this and more helpful information here: https://docs.papermc.io/paper/next-steps
[15:44:45] [Server thread/INFO]: *************************************************************************************
[15:44:45] [Paper Async Task Handler Thread - 1/INFO]: *** Currently you are 12 build(s) behind ***
[15:44:45] [Paper Async Task Handler Thread - 1/INFO]: *** It is highly recommended to download the latest build from https://papermc.io/downloads/paper ***
